main.cpp:94:5:int main()	104	static
main.cpp:182:6:void SystemClock_Config()	88	static
main.cpp:224:6:void PeriphCommonClock_Config()	32	static
main.cpp:244:13:void MX_I2C1_Init()	8	static
main.cpp:277:13:void MX_I2S2_Init()	8	static
main.cpp:310:13:void MX_I2S3_Init()	8	static
main.cpp:343:13:void MX_SPI1_Init()	8	static
main.cpp:380:13:void MX_USART2_UART_Init()	8	static
main.cpp:412:13:void MX_GPIO_Init()	56	static
main.cpp:475:6:void blink_orange_button(const void*)	24	static
main.cpp:497:6:void button_control(const void*)	40	static
main.cpp:529:6:void serial_communication(const void*)	328	static
main.cpp:558:6:void HAL_TIM_PeriodElapsedCallback(TIM_HandleTypeDef*)	16	static
main.cpp:576:6:void Error_Handler()	4	static,ignoring_inline_asm
